2024-11-26 17:27:33 INFO: Test suite started: sampleProject1
2024-11-26 17:27:36 INFO: Executing test: testInvalidPassword
2024-11-26 17:27:36 FAILED: Test failed: testInvalidPassword
2024-11-26 17:27:36 ERROR: Reason: Error message does not match for invalid password. expected [Your password is invalid!] but found []
2024-11-26 17:27:43 INFO: Executing test: testInvalidUsername
2024-11-26 17:27:43 PASSED: Test passed: testInvalidUsername
2024-11-26 17:27:50 INFO: Executing test: testSkip
2024-11-26 17:27:50 SKIPPED: Test skipped: testSkip
2024-11-26 17:27:50 INFO: Reason: Skipping this test for demonstration purposes.
2024-11-26 17:27:57 INFO: Executing test: testValidLogin
2024-11-26 17:27:57 PASSED: Test passed: testValidLogin
2024-11-26 17:28:02 INFO: Test suite finished: sampleProject1
2024-11-26 17:30:17 INFO: Test suite started: sampleProject1
2024-11-26 17:30:20 INFO: Executing test: testValidLogin
2024-11-26 17:30:20 PASSED: Test passed: testValidLogin
2024-11-26 17:30:25 INFO: Test suite finished: sampleProject1
